// Jest Snapshot v1, https://goo.gl/fbAQLP

exports[`Separator Component matches snapshot 1`] = `
<View
  style={
    {
      "backgroundColor": "#e5e7eb",
      "height": 1,
      "width": "100%",
    }
  }
/>
`;
